// Jest Snapshot v1, https://goo.gl/fbAQLP

exports[`Pagination Component Snapshot Renders Pagination component with 2 pages 1`] = `null`;
